<?xml version="1.0" encoding="UTF-8"?>
<testsuites>
  <testsuite name="integration" tests="0" failures="0" time="10.51">
    <testcase name="demo-mode-tests.test.js" classname="integration" time="10.51">
      <failure message="Test failed">(node:9184) [MONGOOSE] Warning: Duplicate schema index on {&quot;dealNumber&quot;:1} found. This is often due to declaring an index using both &quot;index: true&quot; and &quot;schema.index()&quot;. Please remove the duplicate index definition.
(Use `node --trace-warnings ...` to show where the warning was created)
(node:9184) [MONGODB DRIVER] Warning: useNewUrlParser is a deprecated option: useNewUrlParser has no effect since Node.js Driver version 4.0.0 and will be removed in the next major version
(node:9184) [MONGODB DRIVER] Warning: useUnifiedTopology is a deprecated option: useUnifiedTopology has no effect since Node.js Driver version 4.0.0 and will be removed in the next major version
FAIL tests/integration/demo-mode-tests.test.js (8.917 s)
  Demo Mode Test Suite
    Demo Mode Infrastructure Tests
      ✕ should properly initialize demo mode configuration (458 ms)
      ✓ should have proper demo mode restrictions (72 ms)
      ✕ should generate demo data correctly (2198 ms)
    Demo Environment Validation Tests
      ✕ should validate demo environment is properly configured (454 ms)
      ✕ should prevent destructive operations in demo mode (339 ms)
      ✕ should mock external services in demo mode (68 ms)
    Demo Data Testing with Isolation
      ✕ should isolate demo data from production data (278 ms)
      ✕ should handle demo data cleanup correctly (147 ms)
      ✓ should enforce demo mode data limits (99 ms)
    Demo Mode Switching Functionality
      ✕ should properly switch between demo and production modes (29 ms)
      ✕ should maintain data integrity during mode switches (125 ms)
      ✕ should handle concurrent demo sessions properly (194 ms)

  ● Demo Mode Test Suite › Demo Mode Infrastructure Tests › should properly initialize demo mode configuration

    expect(received).toBe(expected) // Object.is equality

    Expected: true
    Received: false

      140 |       const validation = demoUtils.validateDemoEnvironment();
      141 |       
    &gt; 142 |       expect(isDemo).toBe(true);
          |                      ^
      143 |       expect(demoConfig.isDemoMode).toBe(true);
      144 |       expect(validation.isValid).toBe(true);
      145 |       expect(validation.errors).toHaveLength(0);

      at Object.toBe (tests/integration/demo-mode-tests.test.js:142:22)

  ● Demo Mode Test Suite › Demo Mode Infrastructure Tests › should generate demo data correctly

    expect(received).toBe(expected) // Object.is equality

    Expected: true
    Received: undefined

      235 |       
      236 |       expect(offer).toBeDefined();
    &gt; 237 |       expect(offer.isDemo).toBe(true);
          |                            ^
      238 |       
      239 |       recordDemoResult(&#39;infrastructure&#39;, &#39;Demo Data Generation&#39;, {
      240 |         passed: 1,

      at Object.toBe (tests/integration/demo-mode-tests.test.js:237:28)
      at asyncGeneratorStep (node_modules/@babel/runtime/helpers/asyncToGenerator.js:3:17)
      at asyncGeneratorStep (node_modules/@babel/runtime/helpers/asyncToGenerator.js:17:9)

  ● Demo Mode Test Suite › Demo Environment Validation Tests › should validate demo environment is properly configured

    expect(received).toBe(expected) // Object.is equality

    Expected: true
    Received: false

      250 |       const validation = demoUtils.validateDemoEnvironment();
      251 |       
    &gt; 252 |       expect(validation.isValid).toBe(true);
          |                                  ^
      253 |       expect(validation.validations.mode).toBe(true);
      254 |       expect(validation.validations.database).toBe(true);
      255 |       expect(validation.validations.externalServices).toBe(true);

      at Object.toBe (tests/integration/demo-mode-tests.test.js:252:34)

  ● Demo Mode Test Suite › Demo Environment Validation Tests › should prevent destructive operations in demo mode

    expect(jest.fn()).toHaveBeenCalledWith(...expected)

    Expected: 403

    Number of calls: 0

      309 |       }
      310 |       
    &gt; 311 |       expect(mockRes.status).toHaveBeenCalledWith(403);
          |                              ^
      312 |       expect(mockRes.json).toHaveBeenCalledWith({
      313 |         error: &#39;Delete operations are disabled in demo mode&#39;,
      314 |         isDemoMode: true

      at Object.toHaveBeenCalledWith (tests/integration/demo-mode-tests.test.js:311:30)
      at asyncGeneratorStep (node_modules/@babel/runtime/helpers/asyncToGenerator.js:3:17)
      at asyncGeneratorStep (node_modules/@babel/runtime/helpers/asyncToGenerator.js:17:9)

  ● Demo Mode Test Suite › Demo Environment Validation Tests › should mock external services in demo mode

    expect(received).toBe(expected) // Object.is equality

    Expected: 123456
    Received: undefined

      338 |       const messageCentral = require(&#39;../../utils/messageCentral&#39;);
      339 |       const result = await messageCentral.sendOtp();
    &gt; 340 |       expect(result).toBe(123456); // Mocked value
          |                      ^
      341 |       
      342 |       recordDemoResult(&#39;environment&#39;, &#39;External Service Mocking&#39;, {
      343 |         passed: 1,

      at Object.toBe (tests/integration/demo-mode-tests.test.js:340:22)
      at asyncGeneratorStep (node_modules/@babel/runtime/helpers/asyncToGenerator.js:3:17)
      at asyncGeneratorStep (node_modules/@babel/runtime/helpers/asyncToGenerator.js:17:9)

  ● Demo Mode Test Suite › Demo Data Testing with Isolation › should isolate demo data from production data

    expect(received).toHaveLength(expected)

    Expected length: 1
    Received length: 0
    Received array:  []

      398 |       const prodUsers = await User.find({ isDemo: { $ne: true } });
      399 |       
    &gt; 400 |       expect(demoUsers).toHaveLength(1);
          |                         ^
      401 |       expect(demoUsers[0]._id.toString()).toBe(demoUser._id.toString());
      402 |       
      403 |       expect(prodUsers).toHaveLength(1);

      at Object.toHaveLength (tests/integration/demo-mode-tests.test.js:400:25)
      at asyncGeneratorStep (node_modules/@babel/runtime/helpers/asyncToGenerator.js:3:17)
      at asyncGeneratorStep (node_modules/@babel/runtime/helpers/asyncToGenerator.js:17:9)

  ● Demo Mode Test Suite › Demo Data Testing with Isolation › should handle demo data cleanup correctly

    expect(received).toBe(expected) // Object.is equality

    Expected: true
    Received: false

      468 |       });
      469 |       
    &gt; 470 |       expect(cleanupResult.cleaned).toBe(true);
          |                                     ^
      471 |       expect(cleanupResult.results.users.deletedCount).toBe(1);
      472 |       
      473 |       // Verify old data is deleted and recent data remains

      at Object.toBe (tests/integration/demo-mode-tests.test.js:470:37)
      at asyncGeneratorStep (node_modules/@babel/runtime/helpers/asyncToGenerator.js:3:17)
      at asyncGeneratorStep (node_modules/@babel/runtime/helpers/asyncToGenerator.js:17:9)

  ● Demo Mode Test Suite › Demo Mode Switching Functionality › should properly switch between demo and production modes

    expect(received).toBe(expected) // Object.is equality

    Expected: true
    Received: false

      528 |     it(&#39;should properly switch between demo and production modes&#39;, async () =&gt; {
      529 |       // Start in demo mode
    &gt; 530 |       expect(demoUtils.isDemoMode()).toBe(true);
          |                                      ^
      531 |       
      532 |       // Switch to production mode
      533 |       process.env.DEMO_MODE = &#39;false&#39;;

      at Object.toBe (tests/integration/demo-mode-tests.test.js:530:38)
      at asyncGeneratorStep (node_modules/@babel/runtime/helpers/asyncToGenerator.js:3:17)
      at asyncGeneratorStep (node_modules/@babel/runtime/helpers/asyncToGenerator.js:17:9)
      at _next (node_modules/@babel/runtime/helpers/asyncToGenerator.js:22:7)
      at Object.&lt;anonymous&gt; (node_modules/@babel/runtime/helpers/asyncToGenerator.js:14:12)

  ● Demo Mode Test Suite › Demo Mode Switching Functionality › should maintain data integrity during mode switches

    expect(received).toBe(expected) // Object.is equality

    Expected: true
    Received: undefined

      579 |       const userBeforeSwitch = await User.findById(demoUser._id);
      580 |       expect(userBeforeSwitch).toBeDefined();
    &gt; 581 |       expect(userBeforeSwitch.isDemo).toBe(true);
          |                                       ^
      582 |       
      583 |       // Data should remain intact after switch
      584 |       const userAfterSwitch = await User.findById(demoUser._id);

      at Object.toBe (tests/integration/demo-mode-tests.test.js:581:39)
      at asyncGeneratorStep (node_modules/@babel/runtime/helpers/asyncToGenerator.js:3:17)
      at asyncGeneratorStep (node_modules/@babel/runtime/helpers/asyncToGenerator.js:17:9)

  ● Demo Mode Test Suite › Demo Mode Switching Functionality › should handle concurrent demo sessions properly

    expect(received).toBeGreaterThanOrEqual(expected)

    Expected: &gt;= 5
    Received:    0

      639 |       // Verify data isolation between sessions
      640 |       const demoUserCount = await User.countDocuments({ isDemo: true });
    &gt; 641 |       expect(demoUserCount).toBeGreaterThanOrEqual(sessionCount);
          |                             ^
      642 |       
      643 |       // Verify each user maintains their own data
      644 |       for (let i = 0; i &lt; concurrentUsers.length; i++) {

      at Object.toBeGreaterThanOrEqual (tests/integration/demo-mode-tests.test.js:641:29)
      at asyncGeneratorStep (node_modules/@babel/runtime/helpers/asyncToGenerator.js:3:17)
      at asyncGeneratorStep (node_modules/@babel/runtime/helpers/asyncToGenerator.js:17:9)

Test Suites: 1 failed, 1 total
Tests:       10 failed, 2 passed, 12 total
Snapshots:   0 total
Time:        9.003 s
Ran all test suites matching /tests\/integration\/demo-mode-tests.test.js/i.
</failure>
    </testcase>
  </testsuite>
</testsuites>